Microchip MPLAB XC8 Compiler V2.35

Linker command line:

-W-3 --edf=C:\Program Files\Microchip\xc8\v2.35\pic\dat\en_msgs.txt -cn \
  -h+dist/default/production\Avthor_PIC16F1454.X.production.sym \
  --cmf=dist/default/production\Avthor_PIC16F1454.X.production.cmf -z \
  -Q16F1454 -oC:\Users\micha\AppData\Local\Temp\xcAs93o.4 \
  --defsym=__MPLAB_BUILD=1 \
  -Mdist/default/production/Avthor_PIC16F1454.X.production.map \
  --md=C:\Users\micha\AppData\Local\Temp\xcAs93o.dat -E1 -ver=XC8 Compiler \
  --acfsm=1493 -ACODE=00h-07FFhx4 -ASTRCODE=00h-01FFFh -ASTRING=00h-0FFhx32 \
  -ACONST=00h-0FFhx32 -AENTRY=00h-0FFhx32 -ACOMMON=070h-07Fh \
  -ABANK0=020h-06Fh -ABANK1=0A0h-0EFh -ABANK2=0120h-016Fh \
  -ABANK3=01A0h-01EFh -ABANK4=0220h-026Fh -ABANK5=02A0h-02EFh \
  -ABANK6=0320h-036Fh -ABANK7=03A0h-03EFh -ABANK8=0420h-046Fh \
  -ABANK9=04A0h-04EFh -ABANK10=0520h-056Fh -ABANK11=05A0h-05EFh \
  -ABANK12=0620h-064Fh -ABIGRAM=02000h-023EFh \
  -ARAM=020h-06Fh,0A0h-0EFh,0120h-016Fh,01A0h-01EFh,0220h-026Fh,02A0h-02EFh,0320h-036Fh,03A0h-03EFh,0420h-046Fh,04A0h-04EFh,0520h-056Fh,05A0h-05EFh,0620h-064Fh \
  -AABS1=020h-07Fh,0A0h-0EFh,0120h-016Fh,01A0h-01EFh,0220h-026Fh,02A0h-02EFh,0320h-036Fh,03A0h-03EFh,0420h-046Fh,04A0h-04EFh,0520h-056Fh,05A0h-05EFh,0620h-064Fh \
  -ASFR0=00h-01Fh -ASFR1=080h-09Fh -ASFR2=0100h-011Fh -ASFR3=0180h-019Fh \
  -ASFR4=0200h-021Fh -ASFR5=0280h-029Fh -ASFR6=0300h-031Fh \
  -ASFR7=0380h-039Fh -ASFR8=0400h-041Fh -ASFR9=0480h-049Fh \
  -ASFR10=0500h-051Fh -ASFR11=0580h-059Fh -ASFR12=0600h-061Fh \
  -ASFR13=0680h-06EFh -ASFR14=0700h-076Fh -ASFR15=0780h-07EFh \
  -ASFR16=0800h-086Fh -ASFR17=0880h-08EFh -ASFR18=0900h-096Fh \
  -ASFR19=0980h-09EFh -ASFR20=0A00h-0A6Fh -ASFR21=0A80h-0AEFh \
  -ASFR22=0B00h-0B6Fh -ASFR23=0B80h-0BEFh -ASFR24=0C00h-0C6Fh \
  -ASFR25=0C80h-0CEFh -ASFR26=0D00h-0D6Fh -ASFR27=0D80h-0DEFh \
  -ASFR28=0E00h-0E6Fh -ASFR29=0E80h-0EEFh -ASFR30=0F00h-0F6Fh \
  -ASFR31=0F80h-0FEFh -ACONFIG=08007h-08008h -DCONFIG=2 \
  -AIDLOC=08000h-08003h -DIDLOC=2 -DCODE=2 -DSTRCODE=2 -DSTRING=2 -DCONST=2 \
  -DENTRY=2 -preset_vec=00h,intentry=04h,init,end_init -ppowerup=CODE \
  -pcinit=CODE -pfunctab=ENTRY -k \
  C:\Users\micha\AppData\Local\Temp\xcAs93o.o \
  dist/default/production\Avthor_PIC16F1454.X.production.o 

Object code version is 3.11

Machine type is 16F1454



                Name                               Link     Load   Length Selector   Space Scale
C:\Users\micha\AppData\Local\Temp\xcAs93o.o
                end_init                             25       25        2        8       0
                reset_vec                             0        0        2        0       0
                config                             8007     8007        2        0       4
                idloc                              8000     8000        4        0       5
dist/default/production\Avthor_PIC16F1454.X.production.o
                cinit                                27       27       10        8       0
                intentry                              4        4       21        8       0
                config                             8007     8007        2        0       4
                idloc                              8000     8000        4        0       5
                text40                              C3D      C3D        A     187A       0
                text39                              C51      C51        C     18A2       0
                text38                              EEE      EEE      112     1DDC       0
                text37                              C9E      C9E        F     193C       0
                text36                              C06      C06        5     180C       0
                text34                              C10      C10        6     1820       0
                text33                              C16      C16        6     182C       0
                text32                              C1C      C1C        6     1838       0
                text31                              D04      D04       24     1A08       0
                text30                              C90      C90        E     1920       0
                text29                              CAD      CAD       11     195A       0
                text28                              C02      C02        4     1804       0
                text27                              C69      C69        D     18D2       0
                text26                              BF6      BF6        3     17EC       0
                text25                              C47      C47        A     188E       0
                text24                              7FF      7FF        1        8       0
                text23                              C76      C76        D     18EC       0
                text22                              C83      C83        D     1906       0
                text21                              E50      E50       3E     1CA0       0
                text20                              76A      76A       95        8       0
                text19                              E8E      E8E       60     1D1C       0
                text18                              CE4      CE4       20     19C8       0
                text17                              C2E      C2E        7     185C       0
                text16                               37       37      4DF        8       0
                text15                              DAA      DAA       35     1B54       0
                text14                              D7C      D7C       2E     1AF8       0
                text13                              BF9      BF9        3     17F2       0
                text12                              C35      C35        8     186A       0
                text11                              BFC      BFC        3     17F8       0
                text10                              BFF      BFF        3     17FE       0
                text9                               CBE      CBE       13     197C       0
                text8                               CD1      CD1       13     19A2       0
                text7                               D51      D51       2B     1AA2       0
                text6                               D28      D28       29     1A50       0
                text5                               C22      C22        6     1844       0
                text4                               C5D      C5D        C     18BA       0
                text3                               E14      E14       3C     1C28       0
                text2                               C0B      C0B        5     1816       0
                text1                               DDF      DDF       35     1BBE       0
                maintext                            516      516      254        8       0
                cstackBANK0                          20       20       3B       20       1
                cstackCOMMON                         70       70        5       70       1
                clrtext                             C28      C28        6     1850       0
                bssBANK0                             5B       5B       10       20       1
                bssCOMMON                            75       75        4       70       1

TOTAL           Name                               Link     Load   Length     Space
        CLASS   CODE           
                end_init                             25       25        2         0
                cinit                                27       27       10         0
                intentry                              4        4       21         0
                reset_vec                             0        0        2         0
                text40                              C3D      C3D        A         0
                text39                              C51      C51        C         0
                text38                              EEE      EEE      112         0
                text37                              C9E      C9E        F         0
                text36                              C06      C06        5         0
                text34                              C10      C10        6         0
                text33                              C16      C16        6         0
                text32                              C1C      C1C        6         0
                text31                              D04      D04       24         0
                text30                              C90      C90        E         0
                text29                              CAD      CAD       11         0
                text28                              C02      C02        4         0
                text27                              C69      C69        D         0
                text26                              BF6      BF6        3         0
                text25                              C47      C47        A         0
                text24                              7FF      7FF        1         0
                text23                              C76      C76        D         0
                text22                              C83      C83        D         0
                text21                              E50      E50       3E         0
                text20                              76A      76A       95         0
                text19                              E8E      E8E       60         0
                text18                              CE4      CE4       20         0
                text17                              C2E      C2E        7         0
                text16                               37       37      4DF         0
                text15                              DAA      DAA       35         0
                text14                              D7C      D7C       2E         0
                text13                              BF9      BF9        3         0
                text12                              C35      C35        8         0
                text11                              BFC      BFC        3         0
                text10                              BFF      BFF        3         0
                text9                               CBE      CBE       13         0
                text8                               CD1      CD1       13         0
                text7                               D51      D51       2B         0
                text6                               D28      D28       29         0
                text5                               C22      C22        6         0
                text4                               C5D      C5D        C         0
                text3                               E14      E14       3C         0
                text2                               C0B      C0B        5         0
                text1                               DDF      DDF       35         0
                maintext                            516      516      254         0
                clrtext                             C28      C28        6         0

        CLASS   STRCODE        

        CLASS   STRING         

        CLASS   CONST          

        CLASS   ENTRY          

        CLASS   COMMON         
                cstackCOMMON                         70       70        5         1
                bssCOMMON                            75       75        4         1

        CLASS   BANK0          
                cstackBANK0                          20       20       3B         1
                bssBANK0                             5B       5B       10         1

        CLASS   BANK1          

        CLASS   BANK2          

        CLASS   BANK3          

        CLASS   BANK4          

        CLASS   BANK5          

        CLASS   BANK6          

        CLASS   BANK7          

        CLASS   BANK8          

        CLASS   BANK9          

        CLASS   BANK10         

        CLASS   BANK11         

        CLASS   BANK12         

        CLASS   BIGRAM         

        CLASS   RAM            

        CLASS   ABS1           
                abs_s1                               7E       7E        2         1

        CLASS   SFR0           

        CLASS   SFR1           

        CLASS   SFR2           

        CLASS   SFR3           

        CLASS   SFR4           

        CLASS   SFR5           

        CLASS   SFR6           

        CLASS   SFR7           

        CLASS   SFR8           

        CLASS   SFR9           

        CLASS   SFR10          

        CLASS   SFR11          

        CLASS   SFR12          

        CLASS   SFR13          

        CLASS   SFR14          

        CLASS   SFR15          

        CLASS   SFR16          

        CLASS   SFR17          

        CLASS   SFR18          

        CLASS   SFR19          

        CLASS   SFR20          

        CLASS   SFR21          

        CLASS   SFR22          

        CLASS   SFR23          

        CLASS   SFR24          

        CLASS   SFR25          

        CLASS   SFR26          

        CLASS   SFR27          

        CLASS   SFR28          

        CLASS   SFR29          

        CLASS   SFR30          

        CLASS   SFR31          

        CLASS   CONFIG         
                config                             8007     8007        2         4

        CLASS   IDLOC          
                idloc                              8000     8000        4         5

        CLASS   BANK31         

        CLASS   BANK30         

        CLASS   BANK29         

        CLASS   BANK28         

        CLASS   BANK27         

        CLASS   BANK26         

        CLASS   BANK25         

        CLASS   BANK24         

        CLASS   BANK23         

        CLASS   BANK22         

        CLASS   BANK21         

        CLASS   BANK20         

        CLASS   BANK19         

        CLASS   BANK18         

        CLASS   BANK17         

        CLASS   BANK16         

        CLASS   BANK15         

        CLASS   BANK14         

        CLASS   BANK13         

        CLASS   HEAP           

        CLASS   STACK          

        CLASS   EEDATA         



SEGMENTS        Name                           Load    Length   Top    Selector   Space  Class     Delta

                reset_vec                      000000  000002  000002         0       0  CODE        2
                intentry                       000004  0007FC  000800         8       0  CODE        2
                cstackBANK0                    000020  00004B  00006B        20       1  BANK0       1
                cstackCOMMON                   000070  000009  000079        70       1  COMMON      1
                text26                         000BF6  000003  000BF9      17EC       0  CODE        2
                text13                         000BF9  000003  000BFC      17F2       0  CODE        2
                text11                         000BFC  000003  000BFF      17F8       0  CODE        2
                text10                         000BFF  000003  000C02      17FE       0  CODE        2
                text28                         000C02  000004  000C06      1804       0  CODE        2
                text36                         000C06  000005  000C0B      180C       0  CODE        2
                text2                          000C0B  000005  000C10      1816       0  CODE        2
                text34                         000C10  000006  000C16      1820       0  CODE        2
                text33                         000C16  000006  000C1C      182C       0  CODE        2
                text32                         000C1C  000006  000C22      1838       0  CODE        2
                text5                          000C22  000006  000C28      1844       0  CODE        2
                clrtext                        000C28  000006  000C2E      1850       0  CODE        2
                text17                         000C2E  000007  000C35      185C       0  CODE        2
                text12                         000C35  000008  000C3D      186A       0  CODE        2
                text40                         000C3D  00000A  000C47      187A       0  CODE        2
                text25                         000C47  00000A  000C51      188E       0  CODE        2
                text39                         000C51  00000C  000C5D      18A2       0  CODE        2
                text4                          000C5D  00000C  000C69      18BA       0  CODE        2
                text27                         000C69  00000D  000C76      18D2       0  CODE        2
                text23                         000C76  00000D  000C83      18EC       0  CODE        2
                text22                         000C83  00000D  000C90      1906       0  CODE        2
                text30                         000C90  00000E  000C9E      1920       0  CODE        2
                text37                         000C9E  00000F  000CAD      193C       0  CODE        2
                text29                         000CAD  000011  000CBE      195A       0  CODE        2
                text9                          000CBE  000013  000CD1      197C       0  CODE        2
                text8                          000CD1  000013  000CE4      19A2       0  CODE        2
                text18                         000CE4  000020  000D04      19C8       0  CODE        2
                text31                         000D04  000024  000D28      1A08       0  CODE        2
                text6                          000D28  000029  000D51      1A50       0  CODE        2
                text7                          000D51  00002B  000D7C      1AA2       0  CODE        2
                text14                         000D7C  00002E  000DAA      1AF8       0  CODE        2
                text15                         000DAA  000035  000DDF      1B54       0  CODE        2
                text1                          000DDF  000035  000E14      1BBE       0  CODE        2
                text3                          000E14  00003C  000E50      1C28       0  CODE        2
                text21                         000E50  00003E  000E8E      1CA0       0  CODE        2
                text19                         000E8E  000060  000EEE      1D1C       0  CODE        2
                text38                         000EEE  000112  001000      1DDC       0  CODE        2


UNUSED ADDRESS RANGES

        Name                Unused          Largest block    Delta
        BANK0            0006B-0006F               5           1
        BANK1            000A0-000EF              50           1
        BANK10           00520-0056F              50           1
        BANK11           005A0-005EF              50           1
        BANK12           00620-0064F              30           1
        BANK2            00120-0016F              50           1
        BANK3            001A0-001EF              50           1
        BANK4            00220-0026F              50           1
        BANK5            002A0-002EF              50           1
        BANK6            00320-0036F              50           1
        BANK7            003A0-003EF              50           1
        BANK8            00420-0046F              50           1
        BANK9            004A0-004EF              50           1
        BIGRAM           02000-023EF             3F0           1
        CODE             00002-00003               2           2
                         00800-00BF5             3F6
                         01000-01FFF             800
        COMMON           00079-0007D               5           1
        CONST            00002-00003               2           2
                         00800-00BF5             100
                         01000-01FFF             100
        ENTRY            00002-00003               2           2
                         00800-00BF5             100
                         01000-01FFF             100
        RAM              0006B-0006F               5           1
                         000A0-000EF              50
                         00120-0016F              50
                         001A0-001EF              50
                         00220-0026F              50
                         002A0-002EF              50
                         00320-0036F              50
                         003A0-003EF              50
                         00420-0046F              50
                         004A0-004EF              50
                         00520-0056F              50
                         005A0-005EF              50
                         00620-0064F              30
        SFR0             00000-0001F              20           1
        SFR1             00080-0009F              20           1
        SFR10            00500-0051F              20           1
        SFR11            00580-0059F              20           1
        SFR12            00600-0061F              20           1
        SFR13            00680-006EF              70           1
        SFR14            00700-0076F              70           1
        SFR15            00780-007EF              70           1
        SFR16            00800-0086F              70           1
        SFR17            00880-008EF              70           1
        SFR18            00900-0096F              70           1
        SFR19            00980-009EF              70           1
        SFR2             00100-0011F              20           1
        SFR20            00A00-00A6F              70           1
        SFR21            00A80-00AEF              70           1
        SFR22            00B00-00B6F              70           1
        SFR23            00B80-00BEF              70           1
        SFR24            00C00-00C6F              70           1
        SFR25            00C80-00CEF              70           1
        SFR26            00D00-00D6F              70           1
        SFR27            00D80-00DEF              70           1
        SFR28            00E00-00E6F              70           1
        SFR29            00E80-00EEF              70           1
        SFR3             00180-0019F              20           1
        SFR30            00F00-00F6F              70           1
        SFR31            00F80-00FEF              70           1
        SFR4             00200-0021F              20           1
        SFR5             00280-0029F              20           1
        SFR6             00300-0031F              20           1
        SFR7             00380-0039F              20           1
        SFR8             00400-0041F              20           1
        SFR9             00480-0049F              20           1
        STRCODE          00002-00003               2           2
                         00800-00BF5             3F6
                         01000-01FFF            1000
        STRING           00002-00003               2           2
                         00800-00BF5             100
                         01000-01FFF             100

                                  Symbol Table

?___awdiv                                             cstackBANK0  00027
?___wmul                                              cstackBANK0  00021
Avthor_Uart_Instruction@instr                         cstackCOMMON 00073
EUSART_SetErrorHandler@interruptHandler               cstackBANK0  00020
EUSART_SetFramingErrorHandler@interruptHandler        cstackBANK0  00020
EUSART_SetOverrunErrorHandler@interruptHandler        cstackBANK0  00020
EUSART_Write@txData                                   cstackBANK0  00020
Step@dir                                              cstackBANK0  0003C
Step@haptic_breaths                                   cstackBANK0  00036
Step@i                                                cstackBANK0  00038
Step@i_616                                            cstackBANK0  0003A
Step@num_steps1                                       cstackBANK0  00030
Step@num_steps2                                       cstackBANK0  00033
Step@size1                                            cstackBANK0  00032
Step@size2                                            cstackBANK0  00035
_ACTCON                                               (abs)        0039B
_ANSELA                                               (abs)        0018C
_ANSELC                                               (abs)        0018E
_APFCON                                               (abs)        0011D
_Avthor_States                                        bssBANK0     00060
_Avthor_Uart_Instruction                              text38       00EEE
_BAUDCON                                              (abs)        0019F
_BORCON                                               (abs)        00116
_EUSART_DefaultErrorHandler                           (abs)        00000
_EUSART_DefaultFramingErrorHandler                    (abs)        00000
_EUSART_DefaultOverrunErrorHandler                    (abs)        00000
_EUSART_ErrorHandler                                  bssBANK0     0005B
_EUSART_FramingErrorHandler                           bssCOMMON    00075
_EUSART_Initialize                                    text31       00D04
_EUSART_OverrunErrorHandler                           bssBANK0     0005D
_EUSART_Read                                          text37       00C9E
_EUSART_SetErrorHandler                               text34       00C10
_EUSART_SetFramingErrorHandler                        text33       00C16
_EUSART_SetOverrunErrorHandler                        text32       00C1C
_EUSART_Write                                         text25       00C47
_EUSART_is_rx_ready                                   text36       00C06
_INTCONbits                                           (abs)        0000B
_INTERRUPT_InterruptManager                           intentry     00004
_LATA                                                 (abs)        0010C
_LATAbits                                             (abs)        0010C
_LATC                                                 (abs)        0010E
_LATCbits                                             (abs)        0010E
_OPTION_REGbits                                       (abs)        00095
_OSCCON                                               (abs)        00099
_OSCILLATOR_Initialize                                text30       00C90
_OSCTUNE                                              (abs)        00098
_PIE1bits                                             (abs)        00091
_PIN_MANAGER_Initialize                               text29       00CAD
_PIR1bits                                             (abs)        00011
_PLLRDY                                               (abs)        004D6
_RCREG                                                (abs)        00199
_RCSTA                                                (abs)        0019D
_RCSTAbits                                            (abs)        0019D
_SPBRGH                                               (abs)        0019C
_SPBRGL                                               (abs)        0019B
_SYSTEM_Initialize                                    text27       00C69
_Step                                                 text20       0076A
_TRISA                                                (abs)        0008C
_TRISC                                                (abs)        0008E
_TXREG                                                (abs)        0019A
_TXSTA                                                (abs)        0019E
_TXSTAbits                                            (abs)        0019E
_UART_RX_in                                           bssCOMMON    00077
_WDTCON                                               (abs)        00097
_WDT_Initialize                                       text28       00C02
_WPUA                                                 (abs)        0020C
__Habs1                                               abs1         00000
__Hbank0                                              bank0        00000
__Hbank1                                              bank1        00000
__Hbank10                                             bank10       00000
__Hbank11                                             bank11       00000
__Hbank12                                             bank12       00000
__Hbank13                                             bank13       00000
__Hbank14                                             bank14       00000
__Hbank15                                             bank15       00000
__Hbank16                                             bank16       00000
__Hbank17                                             bank17       00000
__Hbank18                                             bank18       00000
__Hbank19                                             bank19       00000
__Hbank2                                              bank2        00000
__Hbank20                                             bank20       00000
__Hbank21                                             bank21       00000
__Hbank22                                             bank22       00000
__Hbank23                                             bank23       00000
__Hbank24                                             bank24       00000
__Hbank25                                             bank25       00000
__Hbank26                                             bank26       00000
__Hbank27                                             bank27       00000
__Hbank28                                             bank28       00000
__Hbank29                                             bank29       00000
__Hbank3                                              bank3        00000
__Hbank30                                             bank30       00000
__Hbank31                                             bank31       00000
__Hbank4                                              bank4        00000
__Hbank5                                              bank5        00000
__Hbank6                                              bank6        00000
__Hbank7                                              bank7        00000
__Hbank8                                              bank8        00000
__Hbank9                                              bank9        00000
__Hbigram                                             bigram       00000
__HbssBANK0                                           bssBANK0     00000
__HbssCOMMON                                          bssCOMMON    00000
__Hcinit                                              cinit        00037
__Hclrtext                                            clrtext      00000
__Hcode                                               code         00000
__Hcommon                                             common       00000
__Hconfig                                             config       08009
__HcstackBANK0                                        cstackBANK0  00000
__HcstackCOMMON                                       cstackCOMMON 00000
__Heeprom_data                                        eeprom_data  00000
__Hend_init                                           end_init     00027
__Hfunctab                                            functab      00000
__Hheap                                               heap         00000
__Hidloc                                              idloc        08004
__Hinit                                               init         00025
__Hintentry                                           intentry     00025
__Hmaintext                                           maintext     00000
__Hpowerup                                            powerup      00000
__Hram                                                ram          00000
__Hreset_vec                                          reset_vec    00002
__Hsfr0                                               sfr0         00000
__Hsfr1                                               sfr1         00000
__Hsfr10                                              sfr10        00000
__Hsfr11                                              sfr11        00000
__Hsfr12                                              sfr12        00000
__Hsfr13                                              sfr13        00000
__Hsfr14                                              sfr14        00000
__Hsfr15                                              sfr15        00000
__Hsfr16                                              sfr16        00000
__Hsfr17                                              sfr17        00000
__Hsfr18                                              sfr18        00000
__Hsfr19                                              sfr19        00000
__Hsfr2                                               sfr2         00000
__Hsfr20                                              sfr20        00000
__Hsfr21                                              sfr21        00000
__Hsfr22                                              sfr22        00000
__Hsfr23                                              sfr23        00000
__Hsfr24                                              sfr24        00000
__Hsfr25                                              sfr25        00000
__Hsfr26                                              sfr26        00000
__Hsfr27                                              sfr27        00000
__Hsfr28                                              sfr28        00000
__Hsfr29                                              sfr29        00000
__Hsfr3                                               sfr3         00000
__Hsfr30                                              sfr30        00000
__Hsfr31                                              sfr31        00000
__Hsfr4                                               sfr4         00000
__Hsfr5                                               sfr5         00000
__Hsfr6                                               sfr6         00000
__Hsfr7                                               sfr7         00000
__Hsfr8                                               sfr8         00000
__Hsfr9                                               sfr9         00000
__Hspace_0                                            (abs)        01000
__Hspace_1                                            (abs)        00079
__Hspace_2                                            (abs)        00000
__Hspace_3                                            (abs)        00000
__Hspace_4                                            (abs)        10010
__Hstack                                              stack        00000
__Hstrings                                            strings      00000
__Htext                                               text         00000
__Labs1                                               abs1         00000
__Lbank0                                              bank0        00000
__Lbank1                                              bank1        00000
__Lbank10                                             bank10       00000
__Lbank11                                             bank11       00000
__Lbank12                                             bank12       00000
__Lbank13                                             bank13       00000
__Lbank14                                             bank14       00000
__Lbank15                                             bank15       00000
__Lbank16                                             bank16       00000
__Lbank17                                             bank17       00000
__Lbank18                                             bank18       00000
__Lbank19                                             bank19       00000
__Lbank2                                              bank2        00000
__Lbank20                                             bank20       00000
__Lbank21                                             bank21       00000
__Lbank22                                             bank22       00000
__Lbank23                                             bank23       00000
__Lbank24                                             bank24       00000
__Lbank25                                             bank25       00000
__Lbank26                                             bank26       00000
__Lbank27                                             bank27       00000
__Lbank28                                             bank28       00000
__Lbank29                                             bank29       00000
__Lbank3                                              bank3        00000
__Lbank30                                             bank30       00000
__Lbank31                                             bank31       00000
__Lbank4                                              bank4        00000
__Lbank5                                              bank5        00000
__Lbank6                                              bank6        00000
__Lbank7                                              bank7        00000
__Lbank8                                              bank8        00000
__Lbank9                                              bank9        00000
__Lbigram                                             bigram       00000
__LbssBANK0                                           bssBANK0     00000
__LbssCOMMON                                          bssCOMMON    00000
__Lcinit                                              cinit        00027
__Lclrtext                                            clrtext      00000
__Lcode                                               code         00000
__Lcommon                                             common       00000
__Lconfig                                             config       00000
__LcstackBANK0                                        cstackBANK0  00000
__LcstackCOMMON                                       cstackCOMMON 00000
__Leeprom_data                                        eeprom_data  00000
__Lend_init                                           end_init     00025
__Lfunctab                                            functab      00000
__Lheap                                               heap         00000
__Lidloc                                              idloc        00000
__Linit                                               init         00025
__Lintentry                                           intentry     00004
__Lmaintext                                           maintext     00000
__Lpowerup                                            powerup      00000
__Lram                                                ram          00000
__Lreset_vec                                          reset_vec    00000
__Lsfr0                                               sfr0         00000
__Lsfr1                                               sfr1         00000
__Lsfr10                                              sfr10        00000
__Lsfr11                                              sfr11        00000
__Lsfr12                                              sfr12        00000
__Lsfr13                                              sfr13        00000
__Lsfr14                                              sfr14        00000
__Lsfr15                                              sfr15        00000
__Lsfr16                                              sfr16        00000
__Lsfr17                                              sfr17        00000
__Lsfr18                                              sfr18        00000
__Lsfr19                                              sfr19        00000
__Lsfr2                                               sfr2         00000
__Lsfr20                                              sfr20        00000
__Lsfr21                                              sfr21        00000
__Lsfr22                                              sfr22        00000
__Lsfr23                                              sfr23        00000
__Lsfr24                                              sfr24        00000
__Lsfr25                                              sfr25        00000
__Lsfr26                                              sfr26        00000
__Lsfr27                                              sfr27        00000
__Lsfr28                                              sfr28        00000
__Lsfr29                                              sfr29        00000
__Lsfr3                                               sfr3         00000
__Lsfr30                                              sfr30        00000
__Lsfr31                                              sfr31        00000
__Lsfr4                                               sfr4         00000
__Lsfr5                                               sfr5         00000
__Lsfr6                                               sfr6         00000
__Lsfr7                                               sfr7         00000
__Lsfr8                                               sfr8         00000
__Lsfr9                                               sfr9         00000
__Lspace_0                                            (abs)        00000
__Lspace_1                                            (abs)        00000
__Lspace_2                                            (abs)        00000
__Lspace_3                                            (abs)        00000
__Lspace_4                                            (abs)        00000
__Lstack                                              stack        00000
__Lstrings                                            strings      00000
__Ltext                                               text         00000
__S0                                                  (abs)        01000
__S1                                                  (abs)        00079
___awdiv                                              text19       00E8E
___awdiv@counter                                      cstackBANK0  0002C
___awdiv@dividend                                     cstackBANK0  00029
___awdiv@divisor                                      cstackBANK0  00027
___awdiv@quotient                                     cstackBANK0  0002E
___awdiv@sign                                         cstackBANK0  0002D
___heap_hi                                            (abs)        00000
___heap_lo                                            (abs)        00000
___int_sp                                             stack        00000
___latbits                                            (abs)        00002
___sp                                                 stack        00000
___stackhi                                            (abs)        00000
___stacklo                                            (abs)        00000
___wmul                                               text18       00CE4
___wmul@multiplicand                                  cstackBANK0  00023
___wmul@multiplier                                    cstackBANK0  00021
___wmul@product                                       cstackBANK0  00025
__end_of_Avthor_Uart_Instruction                      text38       01000
__end_of_EUSART_Initialize                            text31       00D28
__end_of_EUSART_Read                                  text37       00CAD
__end_of_EUSART_SetErrorHandler                       text34       00C16
__end_of_EUSART_SetFramingErrorHandler                text33       00C1C
__end_of_EUSART_SetOverrunErrorHandler                text32       00C22
__end_of_EUSART_Write                                 text25       00C51
__end_of_EUSART_is_rx_ready                           text36       00C0B
__end_of_INTERRUPT_InterruptManager                   intentry     00025
__end_of_OSCILLATOR_Initialize                        text30       00C9E
__end_of_PIN_MANAGER_Initialize                       text29       00CBE
__end_of_SYSTEM_Initialize                            text27       00C76
__end_of_Step                                         text20       007FF
__end_of_WDT_Initialize                               text28       00C06
__end_of___awdiv                                      text19       00EEE
__end_of___wmul                                       text18       00D04
__end_of__initialization                              cinit        00033
__end_of_basicStepperInstruction                      text16       00516
__end_of_bottomButtonTrigger                          text15       00DDF
__end_of_calibrate                                    text14       00DAA
__end_of_get_INTERRUPT_BREAK_FLAG                     text26       00BF9
__end_of_get_bellowsHasBeenInchedUpOrDownSinceVenting text13       00BFC
__end_of_get_complex_breaths_instructions_index       text12       00C3D
__end_of_get_motor_action                             text11       00BFF
__end_of_get_stepper_instruction                      text10       00C02
__end_of_inchDown                                     text9        00CD1
__end_of_inchUp                                       text8        00CE4
__end_of_initAvthorStates                             text7        00D7C
__end_of_main                                         maintext     0076A
__end_of_moveUntilZ                                   text6        00D51
__end_of_reset_motor_action                           text5        00C28
__end_of_reset_motor_action_if_matches                text4        00C69
__end_of_sendHapticCommand                            text24       00800
__end_of_setDirection                                 text23       00C83
__end_of_setStepSize                                  text21       00E8E
__end_of_set_INTERRUPT_BREAK_FLAG                     text17       00C35
__end_of_slowStepTest                                 text3        00E50
__end_of_smallVent                                    text2        00C10
__end_of_stepperSleep                                 text22       00C90
__end_of_topButtonTrigger                             text1        00E14
__end_ofi1_EUSART_Write                               text40       00C47
__end_ofi1_stepperSleep                               text39       00C5D
__initialization                                      cinit        00027
__pbssBANK0                                           bssBANK0     0005B
__pbssCOMMON                                          bssCOMMON    00075
__pcstackBANK0                                        cstackBANK0  00020
__pcstackCOMMON                                       cstackCOMMON 00070
__pintentry                                           intentry     00004
__pmaintext                                           maintext     00516
__ptext1                                              text1        00DDF
__ptext10                                             text10       00BFF
__ptext11                                             text11       00BFC
__ptext12                                             text12       00C35
__ptext13                                             text13       00BF9
__ptext14                                             text14       00D7C
__ptext15                                             text15       00DAA
__ptext16                                             text16       00037
__ptext17                                             text17       00C2E
__ptext18                                             text18       00CE4
__ptext19                                             text19       00E8E
__ptext2                                              text2        00C0B
__ptext20                                             text20       0076A
__ptext21                                             text21       00E50
__ptext22                                             text22       00C83
__ptext23                                             text23       00C76
__ptext24                                             text24       007FF
__ptext25                                             text25       00C47
__ptext26                                             text26       00BF6
__ptext27                                             text27       00C69
__ptext28                                             text28       00C02
__ptext29                                             text29       00CAD
__ptext3                                              text3        00E14
__ptext30                                             text30       00C90
__ptext31                                             text31       00D04
__ptext32                                             text32       00C1C
__ptext33                                             text33       00C16
__ptext34                                             text34       00C10
__ptext36                                             text36       00C06
__ptext37                                             text37       00C9E
__ptext38                                             text38       00EEE
__ptext39                                             text39       00C51
__ptext4                                              text4        00C5D
__ptext40                                             text40       00C3D
__ptext5                                              text5        00C22
__ptext6                                              text6        00D28
__ptext7                                              text7        00D51
__ptext8                                              text8        00CD1
__ptext9                                              text9        00CBE
_basicStepperInstruction                              text16       00037
_basicStepperInstruction$1121                         cstackBANK0  00042
_basicStepperInstruction$1122                         cstackBANK0  00044
_bottomButtonTrigger                                  text15       00DAA
_breath_counter_for_smallVent                         bssBANK0     0005F
_calibrate                                            text14       00D7C
_eusartRxLastError                                    bssCOMMON    00078
_get_INTERRUPT_BREAK_FLAG                             text26       00BF6
_get_bellowsHasBeenInchedUpOrDownSinceVenting         text13       00BF9
_get_complex_breaths_instructions_index               text12       00C35
_get_motor_action                                     text11       00BFC
_get_stepper_instruction                              text10       00BFF
_inchDown                                             text9        00CBE
_inchUp                                               text8        00CD1
_initAvthorStates                                     text7        00D51
_main                                                 maintext     00516
_main$1120                                            cstackBANK0  00053
_moveUntilZ                                           text6        00D28
_reset_motor_action                                   text5        00C22
_reset_motor_action_if_matches                        text4        00C5D
_sendHapticCommand                                    text24       007FF
_setDirection                                         text23       00C76
_setStepSize                                          text21       00E50
_set_INTERRUPT_BREAK_FLAG                             text17       00C2E
_slowStepTest                                         text3        00E14
_smallVent                                            text2        00C0B
_stepperSleep                                         text22       00C83
_topButtonTrigger                                     text1        00DDF
basicStepperInstruction@charIn                        cstackBANK0  00041
basicStepperInstruction@numRotations                  cstackBANK0  0004A
basicStepperInstruction@stepMultiplier1               cstackBANK0  00048
basicStepperInstruction@stepMultiplier2               cstackBANK0  00049
basicStepperInstruction@stepSize1                     cstackBANK0  00046
basicStepperInstruction@stepSize2                     cstackBANK0  00047
bottomButtonTrigger@rotations                         cstackBANK0  00040
btemp                                                 (abs)        0007E
clear_ram0                                            clrtext      00C28
end_of_initialization                                 cinit        00033
get_complex_breaths_instructions_index@index          cstackBANK0  00020
i1EUSART_Write@txData                                 cstackCOMMON 00070
i1_EUSART_Write                                       text40       00C3D
i1_stepperSleep                                       text39       00C51
i1stepperSleep@in                                     cstackCOMMON 00070
initAvthorStates@i                                    cstackBANK0  00021
int$flags                                             (abs)        0007E
intlevel0                                             functab      00000
intlevel1                                             functab      00000
intlevel2                                             functab      00000
intlevel3                                             functab      00000
intlevel4                                             functab      00000
intlevel5                                             functab      00000
main@numSteps1                                        cstackBANK0  0004F
main@numSteps2                                        cstackBANK0  00051
main@step_size_in_1                                   cstackBANK0  00059
main@step_size_in_2                                   cstackBANK0  0005A
main@steps_multiplier_1                               cstackBANK0  00055
main@steps_multiplier_2                               cstackBANK0  00057
moveUntilZ@dir                                        cstackBANK0  00024
reset_motor_action_if_matches@action                  cstackBANK0  00021
reset_vec                                             reset_vec    00000
sendHapticCommand@input                               cstackBANK0  00021
setDirection@dir                                      cstackBANK0  00020
setStepSize@size                                      cstackBANK0  00023
set_INTERRUPT_BREAK_FLAG@in                           cstackBANK0  00021
start                                                 init         00025
start_initialization                                  cinit        00027
stepperSleep@in                                       cstackBANK0  00020
topButtonTrigger@rotations                            cstackBANK0  00040
wtemp0                                                (abs)        0007E


MODULE INFORMATION

Module		Function		Class		Link	Load	Size
C:\Program Files\Microchip\xc8\v2.35\pic\sources\c99\common\Umul16.c
		___wmul        		CODE           	0CE4	0000	32

C:\Program Files\Microchip\xc8\v2.35\pic\sources\c99\common\Umul16.c estimated size: 32

C:\Program Files\Microchip\xc8\v2.35\pic\sources\c99\common\awdiv.c
		___awdiv       		CODE           	0E8E	0000	96

C:\Program Files\Microchip\xc8\v2.35\pic\sources\c99\common\awdiv.c estimated size: 96

mcc_generated_files/pin_manager.c
		_PIN_MANAGER_Initialize		CODE           	0CAD	0000	17

mcc_generated_files/pin_manager.c estimated size: 17

step/step.c
		_setDirection  		CODE           	0C76	0000	13
		_topButtonTrigger		CODE           	0DDF	0000	53
		_stepperSleep  		CODE           	0C83	0000	13
		_slowStepTest  		CODE           	0E14	0000	60
		_setStepSize   		CODE           	0E50	0000	62
		_Step          		CODE           	076A	0000	149
		_inchDown      		CODE           	0CBE	0000	19
		_moveUntilZ    		CODE           	0D28	0000	41
		_calibrate     		CODE           	0D7C	0000	46
		_bottomButtonTrigger		CODE           	0DAA	0000	53
		_sendHapticCommand		CODE           	07FF	0000	1
		_inchUp        		CODE           	0CD1	0000	19

step/step.c estimated size: 529

AvthorStates/AvthorStates.c
		_set_INTERRUPT_BREAK_FLAG		CODE           	0C2E	0000	7
		_get_motor_action		CODE           	0BFC	0000	3
		_reset_motor_action		CODE           	0C22	0000	6
		_get_stepper_instruction		CODE           	0BFF	0000	3
		_initAvthorStates		CODE           	0D51	0000	43
		_get_bellowsHasBeenInchedUpOrDownSinceVenting		CODE           	0BF9	0000	3
		_get_complex_breaths_instructions_index		CODE           	0C35	0000	8
		_reset_motor_action_if_matches		CODE           	0C5D	0000	12
		_get_INTERRUPT_BREAK_FLAG		CODE           	0BF6	0000	3
		_Avthor_Uart_Instruction		CODE           	0EEE	0000	274

AvthorStates/AvthorStates.c estimated size: 362

shared
		i1_EUSART_Write		CODE           	0C3D	0000	10
		__initialization		CODE           	0027	0000	12
		i1_stepperSleep		CODE           	0C51	0000	12

shared estimated size: 34

mcc_generated_files/mcc.c
		_WDT_Initialize		CODE           	0C02	0000	4
		_OSCILLATOR_Initialize		CODE           	0C90	0000	14
		_SYSTEM_Initialize		CODE           	0C69	0000	13

mcc_generated_files/mcc.c estimated size: 31

mcc_generated_files/eusart.c
		_EUSART_Read   		CODE           	0C9E	0000	15
		_EUSART_Write  		CODE           	0C47	0000	10
		_EUSART_Initialize		CODE           	0D04	0000	36
		_EUSART_SetFramingErrorHandler		CODE           	0C16	0000	6
		_EUSART_SetErrorHandler		CODE           	0C10	0000	6
		_EUSART_SetOverrunErrorHandler		CODE           	0C1C	0000	6
		_EUSART_is_rx_ready		CODE           	0C06	0000	5

mcc_generated_files/eusart.c estimated size: 84

main.c
		_main          		CODE           	0516	0000	596
		_INTERRUPT_InterruptManager		CODE           	0004	0000	33
		_basicStepperInstruction		CODE           	0037	0000	1247
		_smallVent     		CODE           	0C0B	0000	5

main.c estimated size: 1881

